------------------------------------------------------------
Timing Analyzer Summary
------------------------------------------------------------

Type  : Slow 1100mV 85C Model Setup 'u6|sdram_pll1|sdram_pll_inst|altera_pll_i|general[0].gpll~PLL_OUTPUT_COUNTER|divclk'
Slack : -6.540
TNS   : -524.950

Type  : Slow 1100mV 85C Model Setup 'clock_50_0'
Slack : 3.475
TNS   : 0.000

Type  : Slow 1100mV 85C Model Setup 'clock_27_1'
Slack : 3.778
TNS   : 0.000

Type  : Slow 1100mV 85C Model Setup 'VGA|mypll|altpll_component|auto_generated|generic_pll1~PLL_OUTPUT_COUNTER|divclk'
Slack : 35.501
TNS   : 0.000

Type  : Slow 1100mV 85C Model Setup 'u6|sdram_pll1|sdram_pll_inst|altera_pll_i|general[2].gpll~PLL_OUTPUT_COUNTER|divclk'
Slack : 42.025
TNS   : 0.000

Type  : Slow 1100mV 85C Model Hold 'u6|sdram_pll1|sdram_pll_inst|altera_pll_i|general[0].gpll~PLL_OUTPUT_COUNTER|divclk'
Slack : 0.291
TNS   : 0.000

Type  : Slow 1100mV 85C Model Hold 'clock_27_1'
Slack : 0.307
TNS   : 0.000

Type  : Slow 1100mV 85C Model Hold 'u6|sdram_pll1|sdram_pll_inst|altera_pll_i|general[2].gpll~PLL_OUTPUT_COUNTER|divclk'
Slack : 0.321
TNS   : 0.000

Type  : Slow 1100mV 85C Model Hold 'clock_50_0'
Slack : 0.376
TNS   : 0.000

Type  : Slow 1100mV 85C Model Hold 'VGA|mypll|altpll_component|auto_generated|generic_pll1~PLL_OUTPUT_COUNTER|divclk'
Slack : 0.385
TNS   : 0.000

Type  : Slow 1100mV 85C Model Recovery 'u6|sdram_pll1|sdram_pll_inst|altera_pll_i|general[0].gpll~PLL_OUTPUT_COUNTER|divclk'
Slack : -6.415
TNS   : -2520.540

Type  : Slow 1100mV 85C Model Recovery 'u6|sdram_pll1|sdram_pll_inst|altera_pll_i|general[2].gpll~PLL_OUTPUT_COUNTER|divclk'
Slack : -5.925
TNS   : -82.917

Type  : Slow 1100mV 85C Model Recovery 'clock_27_1'
Slack : 5.051
TNS   : 0.000

Type  : Slow 1100mV 85C Model Removal 'clock_27_1'
Slack : 0.496
TNS   : 0.000

Type  : Slow 1100mV 85C Model Removal 'u6|sdram_pll1|sdram_pll_inst|altera_pll_i|general[0].gpll~PLL_OUTPUT_COUNTER|divclk'
Slack : 1.489
TNS   : 0.000

Type  : Slow 1100mV 85C Model Removal 'u6|sdram_pll1|sdram_pll_inst|altera_pll_i|general[2].gpll~PLL_OUTPUT_COUNTER|divclk'
Slack : 1.737
TNS   : 0.000

Type  : Slow 1100mV 85C Model Minimum Pulse Width 'u6|sdram_pll1|sdram_pll_inst|altera_pll_i|general[0].gpll~FRACTIONAL_PLL|vcoph[0]'
Slack : 0.450
TNS   : 0.000

Type  : Slow 1100mV 85C Model Minimum Pulse Width 'VGA|mypll|altpll_component|auto_generated|generic_pll1~FRACTIONAL_PLL|vcoph[0]'
Slack : 1.666
TNS   : 0.000

Type  : Slow 1100mV 85C Model Minimum Pulse Width 'u6|sdram_pll1|sdram_pll_inst|altera_pll_i|general[0].gpll~PLL_OUTPUT_COUNTER|divclk'
Slack : 2.825
TNS   : 0.000

Type  : Slow 1100mV 85C Model Minimum Pulse Width 'clock_50_0'
Slack : 8.739
TNS   : 0.000

Type  : Slow 1100mV 85C Model Minimum Pulse Width 'clock_27_1'
Slack : 13.620
TNS   : 0.000

Type  : Slow 1100mV 85C Model Minimum Pulse Width 'VGA|mypll|altpll_component|auto_generated|generic_pll1~PLL_OUTPUT_COUNTER|divclk'
Slack : 18.784
TNS   : 0.000

Type  : Slow 1100mV 85C Model Minimum Pulse Width 'u6|sdram_pll1|sdram_pll_inst|altera_pll_i|general[2].gpll~PLL_OUTPUT_COUNTER|divclk'
Slack : 21.359
TNS   : 0.000

Type  : Slow 1100mV 0C Model Setup 'u6|sdram_pll1|sdram_pll_inst|altera_pll_i|general[0].gpll~PLL_OUTPUT_COUNTER|divclk'
Slack : -6.525
TNS   : -518.488

Type  : Slow 1100mV 0C Model Setup 'clock_50_0'
Slack : 3.438
TNS   : 0.000

Type  : Slow 1100mV 0C Model Setup 'clock_27_1'
Slack : 4.135
TNS   : 0.000

Type  : Slow 1100mV 0C Model Setup 'VGA|mypll|altpll_component|auto_generated|generic_pll1~PLL_OUTPUT_COUNTER|divclk'
Slack : 35.584
TNS   : 0.000

Type  : Slow 1100mV 0C Model Setup 'u6|sdram_pll1|sdram_pll_inst|altera_pll_i|general[2].gpll~PLL_OUTPUT_COUNTER|divclk'
Slack : 42.057
TNS   : 0.000

Type  : Slow 1100mV 0C Model Hold 'clock_27_1'
Slack : 0.179
TNS   : 0.000

Type  : Slow 1100mV 0C Model Hold 'u6|sdram_pll1|sdram_pll_inst|altera_pll_i|general[0].gpll~PLL_OUTPUT_COUNTER|divclk'
Slack : 0.259
TNS   : 0.000

Type  : Slow 1100mV 0C Model Hold 'u6|sdram_pll1|sdram_pll_inst|altera_pll_i|general[2].gpll~PLL_OUTPUT_COUNTER|divclk'
Slack : 0.302
TNS   : 0.000

Type  : Slow 1100mV 0C Model Hold 'clock_50_0'
Slack : 0.366
TNS   : 0.000

Type  : Slow 1100mV 0C Model Hold 'VGA|mypll|altpll_component|auto_generated|generic_pll1~PLL_OUTPUT_COUNTER|divclk'
Slack : 0.381
TNS   : 0.000

Type  : Slow 1100mV 0C Model Recovery 'u6|sdram_pll1|sdram_pll_inst|altera_pll_i|general[0].gpll~PLL_OUTPUT_COUNTER|divclk'
Slack : -6.208
TNS   : -2457.878

Type  : Slow 1100mV 0C Model Recovery 'u6|sdram_pll1|sdram_pll_inst|altera_pll_i|general[2].gpll~PLL_OUTPUT_COUNTER|divclk'
Slack : -5.689
TNS   : -79.604

Type  : Slow 1100mV 0C Model Recovery 'clock_27_1'
Slack : 5.030
TNS   : 0.000

Type  : Slow 1100mV 0C Model Removal 'clock_27_1'
Slack : 0.388
TNS   : 0.000

Type  : Slow 1100mV 0C Model Removal 'u6|sdram_pll1|sdram_pll_inst|altera_pll_i|general[0].gpll~PLL_OUTPUT_COUNTER|divclk'
Slack : 1.346
TNS   : 0.000

Type  : Slow 1100mV 0C Model Removal 'u6|sdram_pll1|sdram_pll_inst|altera_pll_i|general[2].gpll~PLL_OUTPUT_COUNTER|divclk'
Slack : 1.568
TNS   : 0.000

Type  : Slow 1100mV 0C Model Minimum Pulse Width 'u6|sdram_pll1|sdram_pll_inst|altera_pll_i|general[0].gpll~FRACTIONAL_PLL|vcoph[0]'
Slack : 0.450
TNS   : 0.000

Type  : Slow 1100mV 0C Model Minimum Pulse Width 'VGA|mypll|altpll_component|auto_generated|generic_pll1~FRACTIONAL_PLL|vcoph[0]'
Slack : 1.666
TNS   : 0.000

Type  : Slow 1100mV 0C Model Minimum Pulse Width 'u6|sdram_pll1|sdram_pll_inst|altera_pll_i|general[0].gpll~PLL_OUTPUT_COUNTER|divclk'
Slack : 2.800
TNS   : 0.000

Type  : Slow 1100mV 0C Model Minimum Pulse Width 'clock_50_0'
Slack : 8.736
TNS   : 0.000

Type  : Slow 1100mV 0C Model Minimum Pulse Width 'clock_27_1'
Slack : 13.589
TNS   : 0.000

Type  : Slow 1100mV 0C Model Minimum Pulse Width 'VGA|mypll|altpll_component|auto_generated|generic_pll1~PLL_OUTPUT_COUNTER|divclk'
Slack : 18.760
TNS   : 0.000

Type  : Slow 1100mV 0C Model Minimum Pulse Width 'u6|sdram_pll1|sdram_pll_inst|altera_pll_i|general[2].gpll~PLL_OUTPUT_COUNTER|divclk'
Slack : 21.306
TNS   : 0.000

Type  : Fast 1100mV 85C Model Setup 'u6|sdram_pll1|sdram_pll_inst|altera_pll_i|general[0].gpll~PLL_OUTPUT_COUNTER|divclk'
Slack : -3.841
TNS   : -317.853

Type  : Fast 1100mV 85C Model Setup 'clock_27_1'
Slack : 5.725
TNS   : 0.000

Type  : Fast 1100mV 85C Model Setup 'clock_50_0'
Slack : 5.938
TNS   : 0.000

Type  : Fast 1100mV 85C Model Setup 'VGA|mypll|altpll_component|auto_generated|generic_pll1~PLL_OUTPUT_COUNTER|divclk'
Slack : 37.300
TNS   : 0.000

Type  : Fast 1100mV 85C Model Setup 'u6|sdram_pll1|sdram_pll_inst|altera_pll_i|general[2].gpll~PLL_OUTPUT_COUNTER|divclk'
Slack : 42.978
TNS   : 0.000

Type  : Fast 1100mV 85C Model Hold 'u6|sdram_pll1|sdram_pll_inst|altera_pll_i|general[0].gpll~PLL_OUTPUT_COUNTER|divclk'
Slack : 0.179
TNS   : 0.000

Type  : Fast 1100mV 85C Model Hold 'clock_27_1'
Slack : 0.182
TNS   : 0.000

Type  : Fast 1100mV 85C Model Hold 'clock_50_0'
Slack : 0.182
TNS   : 0.000

Type  : Fast 1100mV 85C Model Hold 'u6|sdram_pll1|sdram_pll_inst|altera_pll_i|general[2].gpll~PLL_OUTPUT_COUNTER|divclk'
Slack : 0.188
TNS   : 0.000

Type  : Fast 1100mV 85C Model Hold 'VGA|mypll|altpll_component|auto_generated|generic_pll1~PLL_OUTPUT_COUNTER|divclk'
Slack : 0.243
TNS   : 0.000

Type  : Fast 1100mV 85C Model Recovery 'u6|sdram_pll1|sdram_pll_inst|altera_pll_i|general[0].gpll~PLL_OUTPUT_COUNTER|divclk'
Slack : -4.142
TNS   : -1622.275

Type  : Fast 1100mV 85C Model Recovery 'u6|sdram_pll1|sdram_pll_inst|altera_pll_i|general[2].gpll~PLL_OUTPUT_COUNTER|divclk'
Slack : -3.936
TNS   : -55.098

Type  : Fast 1100mV 85C Model Recovery 'clock_27_1'
Slack : 6.360
TNS   : 0.000

Type  : Fast 1100mV 85C Model Removal 'clock_27_1'
Slack : 0.270
TNS   : 0.000

Type  : Fast 1100mV 85C Model Removal 'u6|sdram_pll1|sdram_pll_inst|altera_pll_i|general[0].gpll~PLL_OUTPUT_COUNTER|divclk'
Slack : 0.975
TNS   : 0.000

Type  : Fast 1100mV 85C Model Removal 'u6|sdram_pll1|sdram_pll_inst|altera_pll_i|general[2].gpll~PLL_OUTPUT_COUNTER|divclk'
Slack : 1.148
TNS   : 0.000

Type  : Fast 1100mV 85C Model Minimum Pulse Width 'u6|sdram_pll1|sdram_pll_inst|altera_pll_i|general[0].gpll~FRACTIONAL_PLL|vcoph[0]'
Slack : 0.450
TNS   : 0.000

Type  : Fast 1100mV 85C Model Minimum Pulse Width 'VGA|mypll|altpll_component|auto_generated|generic_pll1~FRACTIONAL_PLL|vcoph[0]'
Slack : 1.666
TNS   : 0.000

Type  : Fast 1100mV 85C Model Minimum Pulse Width 'u6|sdram_pll1|sdram_pll_inst|altera_pll_i|general[0].gpll~PLL_OUTPUT_COUNTER|divclk'
Slack : 2.936
TNS   : 0.000

Type  : Fast 1100mV 85C Model Minimum Pulse Width 'clock_50_0'
Slack : 8.500
TNS   : 0.000

Type  : Fast 1100mV 85C Model Minimum Pulse Width 'clock_27_1'
Slack : 13.507
TNS   : 0.000

Type  : Fast 1100mV 85C Model Minimum Pulse Width 'VGA|mypll|altpll_component|auto_generated|generic_pll1~PLL_OUTPUT_COUNTER|divclk'
Slack : 18.892
TNS   : 0.000

Type  : Fast 1100mV 85C Model Minimum Pulse Width 'u6|sdram_pll1|sdram_pll_inst|altera_pll_i|general[2].gpll~PLL_OUTPUT_COUNTER|divclk'
Slack : 21.599
TNS   : 0.000

Type  : Fast 1100mV 0C Model Setup 'u6|sdram_pll1|sdram_pll_inst|altera_pll_i|general[0].gpll~PLL_OUTPUT_COUNTER|divclk'
Slack : -3.645
TNS   : -298.778

Type  : Fast 1100mV 0C Model Setup 'clock_50_0'
Slack : 6.173
TNS   : 0.000

Type  : Fast 1100mV 0C Model Setup 'clock_27_1'
Slack : 6.280
TNS   : 0.000

Type  : Fast 1100mV 0C Model Setup 'VGA|mypll|altpll_component|auto_generated|generic_pll1~PLL_OUTPUT_COUNTER|divclk'
Slack : 37.543
TNS   : 0.000

Type  : Fast 1100mV 0C Model Setup 'u6|sdram_pll1|sdram_pll_inst|altera_pll_i|general[2].gpll~PLL_OUTPUT_COUNTER|divclk'
Slack : 43.051
TNS   : 0.000

Type  : Fast 1100mV 0C Model Hold 'clock_27_1'
Slack : 0.126
TNS   : 0.000

Type  : Fast 1100mV 0C Model Hold 'u6|sdram_pll1|sdram_pll_inst|altera_pll_i|general[0].gpll~PLL_OUTPUT_COUNTER|divclk'
Slack : 0.164
TNS   : 0.000

Type  : Fast 1100mV 0C Model Hold 'u6|sdram_pll1|sdram_pll_inst|altera_pll_i|general[2].gpll~PLL_OUTPUT_COUNTER|divclk'
Slack : 0.168
TNS   : 0.000

Type  : Fast 1100mV 0C Model Hold 'clock_50_0'
Slack : 0.172
TNS   : 0.000

Type  : Fast 1100mV 0C Model Hold 'VGA|mypll|altpll_component|auto_generated|generic_pll1~PLL_OUTPUT_COUNTER|divclk'
Slack : 0.215
TNS   : 0.000

Type  : Fast 1100mV 0C Model Recovery 'u6|sdram_pll1|sdram_pll_inst|altera_pll_i|general[0].gpll~PLL_OUTPUT_COUNTER|divclk'
Slack : -3.820
TNS   : -1500.392

Type  : Fast 1100mV 0C Model Recovery 'u6|sdram_pll1|sdram_pll_inst|altera_pll_i|general[2].gpll~PLL_OUTPUT_COUNTER|divclk'
Slack : -3.561
TNS   : -49.845

Type  : Fast 1100mV 0C Model Recovery 'clock_27_1'
Slack : 6.623
TNS   : 0.000

Type  : Fast 1100mV 0C Model Removal 'clock_27_1'
Slack : 0.133
TNS   : 0.000

Type  : Fast 1100mV 0C Model Removal 'u6|sdram_pll1|sdram_pll_inst|altera_pll_i|general[0].gpll~PLL_OUTPUT_COUNTER|divclk'
Slack : 0.780
TNS   : 0.000

Type  : Fast 1100mV 0C Model Removal 'u6|sdram_pll1|sdram_pll_inst|altera_pll_i|general[2].gpll~PLL_OUTPUT_COUNTER|divclk'
Slack : 0.930
TNS   : 0.000

Type  : Fast 1100mV 0C Model Minimum Pulse Width 'u6|sdram_pll1|sdram_pll_inst|altera_pll_i|general[0].gpll~FRACTIONAL_PLL|vcoph[0]'
Slack : 0.450
TNS   : 0.000

Type  : Fast 1100mV 0C Model Minimum Pulse Width 'VGA|mypll|altpll_component|auto_generated|generic_pll1~FRACTIONAL_PLL|vcoph[0]'
Slack : 1.666
TNS   : 0.000

Type  : Fast 1100mV 0C Model Minimum Pulse Width 'u6|sdram_pll1|sdram_pll_inst|altera_pll_i|general[0].gpll~PLL_OUTPUT_COUNTER|divclk'
Slack : 2.936
TNS   : 0.000

Type  : Fast 1100mV 0C Model Minimum Pulse Width 'clock_50_0'
Slack : 8.455
TNS   : 0.000

Type  : Fast 1100mV 0C Model Minimum Pulse Width 'clock_27_1'
Slack : 13.461
TNS   : 0.000

Type  : Fast 1100mV 0C Model Minimum Pulse Width 'VGA|mypll|altpll_component|auto_generated|generic_pll1~PLL_OUTPUT_COUNTER|divclk'
Slack : 18.889
TNS   : 0.000

Type  : Fast 1100mV 0C Model Minimum Pulse Width 'u6|sdram_pll1|sdram_pll_inst|altera_pll_i|general[2].gpll~PLL_OUTPUT_COUNTER|divclk'
Slack : 21.589
TNS   : 0.000

------------------------------------------------------------
