------------------------------------------------------------
Timing Analyzer Summary
------------------------------------------------------------

Type  : Slow 1100mV 85C Model Setup 'CLOCK_50'
Slack : 15.643
TNS   : 0.000

Type  : Slow 1100mV 85C Model Setup 'VGA|mypll|altpll_component|auto_generated|generic_pll1~PLL_OUTPUT_COUNTER|divclk'
Slack : 32.586
TNS   : 0.000

Type  : Slow 1100mV 85C Model Hold 'CLOCK_50'
Slack : 0.340
TNS   : 0.000

Type  : Slow 1100mV 85C Model Hold 'VGA|mypll|altpll_component|auto_generated|generic_pll1~PLL_OUTPUT_COUNTER|divclk'
Slack : 0.389
TNS   : 0.000

Type  : Slow 1100mV 85C Model Minimum Pulse Width 'VGA|mypll|altpll_component|auto_generated|generic_pll1~FRACTIONAL_PLL|vcoph[0]'
Slack : 1.666
TNS   : 0.000

Type  : Slow 1100mV 85C Model Minimum Pulse Width 'CLOCK_50'
Slack : 8.871
TNS   : 0.000

Type  : Slow 1100mV 85C Model Minimum Pulse Width 'VGA|mypll|altpll_component|auto_generated|generic_pll1~PLL_OUTPUT_COUNTER|divclk'
Slack : 18.773
TNS   : 0.000

Type  : Slow 1100mV 0C Model Setup 'CLOCK_50'
Slack : 15.659
TNS   : 0.000

Type  : Slow 1100mV 0C Model Setup 'VGA|mypll|altpll_component|auto_generated|generic_pll1~PLL_OUTPUT_COUNTER|divclk'
Slack : 32.910
TNS   : 0.000

Type  : Slow 1100mV 0C Model Hold 'CLOCK_50'
Slack : 0.319
TNS   : 0.000

Type  : Slow 1100mV 0C Model Hold 'VGA|mypll|altpll_component|auto_generated|generic_pll1~PLL_OUTPUT_COUNTER|divclk'
Slack : 0.386
TNS   : 0.000

Type  : Slow 1100mV 0C Model Minimum Pulse Width 'VGA|mypll|altpll_component|auto_generated|generic_pll1~FRACTIONAL_PLL|vcoph[0]'
Slack : 1.666
TNS   : 0.000

Type  : Slow 1100mV 0C Model Minimum Pulse Width 'CLOCK_50'
Slack : 8.828
TNS   : 0.000

Type  : Slow 1100mV 0C Model Minimum Pulse Width 'VGA|mypll|altpll_component|auto_generated|generic_pll1~PLL_OUTPUT_COUNTER|divclk'
Slack : 18.749
TNS   : 0.000

Type  : Fast 1100mV 85C Model Setup 'CLOCK_50'
Slack : 17.530
TNS   : 0.000

Type  : Fast 1100mV 85C Model Setup 'VGA|mypll|altpll_component|auto_generated|generic_pll1~PLL_OUTPUT_COUNTER|divclk'
Slack : 34.568
TNS   : 0.000

Type  : Fast 1100mV 85C Model Hold 'CLOCK_50'
Slack : 0.192
TNS   : 0.000

Type  : Fast 1100mV 85C Model Hold 'VGA|mypll|altpll_component|auto_generated|generic_pll1~PLL_OUTPUT_COUNTER|divclk'
Slack : 0.237
TNS   : 0.000

Type  : Fast 1100mV 85C Model Minimum Pulse Width 'VGA|mypll|altpll_component|auto_generated|generic_pll1~FRACTIONAL_PLL|vcoph[0]'
Slack : 1.666
TNS   : 0.000

Type  : Fast 1100mV 85C Model Minimum Pulse Width 'CLOCK_50'
Slack : 8.808
TNS   : 0.000

Type  : Fast 1100mV 85C Model Minimum Pulse Width 'VGA|mypll|altpll_component|auto_generated|generic_pll1~PLL_OUTPUT_COUNTER|divclk'
Slack : 18.888
TNS   : 0.000

Type  : Fast 1100mV 0C Model Setup 'CLOCK_50'
Slack : 17.720
TNS   : 0.000

Type  : Fast 1100mV 0C Model Setup 'VGA|mypll|altpll_component|auto_generated|generic_pll1~PLL_OUTPUT_COUNTER|divclk'
Slack : 35.276
TNS   : 0.000

Type  : Fast 1100mV 0C Model Hold 'CLOCK_50'
Slack : 0.177
TNS   : 0.000

Type  : Fast 1100mV 0C Model Hold 'VGA|mypll|altpll_component|auto_generated|generic_pll1~PLL_OUTPUT_COUNTER|divclk'
Slack : 0.220
TNS   : 0.000

Type  : Fast 1100mV 0C Model Minimum Pulse Width 'VGA|mypll|altpll_component|auto_generated|generic_pll1~FRACTIONAL_PLL|vcoph[0]'
Slack : 1.666
TNS   : 0.000

Type  : Fast 1100mV 0C Model Minimum Pulse Width 'CLOCK_50'
Slack : 8.803
TNS   : 0.000

Type  : Fast 1100mV 0C Model Minimum Pulse Width 'VGA|mypll|altpll_component|auto_generated|generic_pll1~PLL_OUTPUT_COUNTER|divclk'
Slack : 18.886
TNS   : 0.000

------------------------------------------------------------
