------------------------------------------------------------
Timing Analyzer Summary
------------------------------------------------------------

Type  : Slow 1100mV 85C Model Setup 'renderTest:r1|ballMoveTest:ball|ballMoveControlPath:ballCp|currentState.S_HIT_WALL'
Slack : -7.082
TNS   : -12.301

Type  : Slow 1100mV 85C Model Setup 'CLOCK_50'
Slack : -5.308
TNS   : -87.650

Type  : Slow 1100mV 85C Model Setup 'renderTest:r1|ballMoveTest:ball|ballMoveControlPath:ballCp|currentState.S_HIT_PADDLE'
Slack : -5.199
TNS   : -9.999

Type  : Slow 1100mV 85C Model Setup 'VGA|mypll|altpll_component|auto_generated|generic_pll1~PLL_OUTPUT_COUNTER|divclk'
Slack : 33.549
TNS   : 0.000

Type  : Slow 1100mV 85C Model Hold 'CLOCK_50'
Slack : 0.349
TNS   : 0.000

Type  : Slow 1100mV 85C Model Hold 'VGA|mypll|altpll_component|auto_generated|generic_pll1~PLL_OUTPUT_COUNTER|divclk'
Slack : 0.383
TNS   : 0.000

Type  : Slow 1100mV 85C Model Hold 'renderTest:r1|ballMoveTest:ball|ballMoveControlPath:ballCp|currentState.S_HIT_PADDLE'
Slack : 0.879
TNS   : 0.000

Type  : Slow 1100mV 85C Model Hold 'renderTest:r1|ballMoveTest:ball|ballMoveControlPath:ballCp|currentState.S_HIT_WALL'
Slack : 0.935
TNS   : 0.000

Type  : Slow 1100mV 85C Model Minimum Pulse Width 'renderTest:r1|ballMoveTest:ball|ballMoveControlPath:ballCp|currentState.S_HIT_PADDLE'
Slack : 0.275
TNS   : 0.000

Type  : Slow 1100mV 85C Model Minimum Pulse Width 'renderTest:r1|ballMoveTest:ball|ballMoveControlPath:ballCp|currentState.S_HIT_WALL'
Slack : 0.318
TNS   : 0.000

Type  : Slow 1100mV 85C Model Minimum Pulse Width 'VGA|mypll|altpll_component|auto_generated|generic_pll1~FRACTIONAL_PLL|vcoph[0]'
Slack : 1.666
TNS   : 0.000

Type  : Slow 1100mV 85C Model Minimum Pulse Width 'CLOCK_50'
Slack : 8.864
TNS   : 0.000

Type  : Slow 1100mV 85C Model Minimum Pulse Width 'VGA|mypll|altpll_component|auto_generated|generic_pll1~PLL_OUTPUT_COUNTER|divclk'
Slack : 18.767
TNS   : 0.000

Type  : Slow 1100mV 0C Model Setup 'renderTest:r1|ballMoveTest:ball|ballMoveControlPath:ballCp|currentState.S_HIT_WALL'
Slack : -7.197
TNS   : -12.509

Type  : Slow 1100mV 0C Model Setup 'renderTest:r1|ballMoveTest:ball|ballMoveControlPath:ballCp|currentState.S_HIT_PADDLE'
Slack : -5.309
TNS   : -10.206

Type  : Slow 1100mV 0C Model Setup 'CLOCK_50'
Slack : -4.947
TNS   : -80.531

Type  : Slow 1100mV 0C Model Setup 'VGA|mypll|altpll_component|auto_generated|generic_pll1~PLL_OUTPUT_COUNTER|divclk'
Slack : 33.830
TNS   : 0.000

Type  : Slow 1100mV 0C Model Hold 'CLOCK_50'
Slack : 0.243
TNS   : 0.000

Type  : Slow 1100mV 0C Model Hold 'VGA|mypll|altpll_component|auto_generated|generic_pll1~PLL_OUTPUT_COUNTER|divclk'
Slack : 0.374
TNS   : 0.000

Type  : Slow 1100mV 0C Model Hold 'renderTest:r1|ballMoveTest:ball|ballMoveControlPath:ballCp|currentState.S_HIT_PADDLE'
Slack : 0.935
TNS   : 0.000

Type  : Slow 1100mV 0C Model Hold 'renderTest:r1|ballMoveTest:ball|ballMoveControlPath:ballCp|currentState.S_HIT_WALL'
Slack : 1.015
TNS   : 0.000

Type  : Slow 1100mV 0C Model Minimum Pulse Width 'renderTest:r1|ballMoveTest:ball|ballMoveControlPath:ballCp|currentState.S_HIT_PADDLE'
Slack : 0.284
TNS   : 0.000

Type  : Slow 1100mV 0C Model Minimum Pulse Width 'renderTest:r1|ballMoveTest:ball|ballMoveControlPath:ballCp|currentState.S_HIT_WALL'
Slack : 0.341
TNS   : 0.000

Type  : Slow 1100mV 0C Model Minimum Pulse Width 'VGA|mypll|altpll_component|auto_generated|generic_pll1~FRACTIONAL_PLL|vcoph[0]'
Slack : 1.666
TNS   : 0.000

Type  : Slow 1100mV 0C Model Minimum Pulse Width 'CLOCK_50'
Slack : 8.828
TNS   : 0.000

Type  : Slow 1100mV 0C Model Minimum Pulse Width 'VGA|mypll|altpll_component|auto_generated|generic_pll1~PLL_OUTPUT_COUNTER|divclk'
Slack : 18.751
TNS   : 0.000

Type  : Fast 1100mV 85C Model Setup 'renderTest:r1|ballMoveTest:ball|ballMoveControlPath:ballCp|currentState.S_HIT_WALL'
Slack : -3.899
TNS   : -6.577

Type  : Fast 1100mV 85C Model Setup 'CLOCK_50'
Slack : -3.374
TNS   : -58.990

Type  : Fast 1100mV 85C Model Setup 'renderTest:r1|ballMoveTest:ball|ballMoveControlPath:ballCp|currentState.S_HIT_PADDLE'
Slack : -2.621
TNS   : -5.056

Type  : Fast 1100mV 85C Model Setup 'VGA|mypll|altpll_component|auto_generated|generic_pll1~PLL_OUTPUT_COUNTER|divclk'
Slack : 35.334
TNS   : 0.000

Type  : Fast 1100mV 85C Model Hold 'CLOCK_50'
Slack : 0.182
TNS   : 0.000

Type  : Fast 1100mV 85C Model Hold 'VGA|mypll|altpll_component|auto_generated|generic_pll1~PLL_OUTPUT_COUNTER|divclk'
Slack : 0.214
TNS   : 0.000

Type  : Fast 1100mV 85C Model Hold 'renderTest:r1|ballMoveTest:ball|ballMoveControlPath:ballCp|currentState.S_HIT_PADDLE'
Slack : 0.564
TNS   : 0.000

Type  : Fast 1100mV 85C Model Hold 'renderTest:r1|ballMoveTest:ball|ballMoveControlPath:ballCp|currentState.S_HIT_WALL'
Slack : 0.652
TNS   : 0.000

Type  : Fast 1100mV 85C Model Minimum Pulse Width 'renderTest:r1|ballMoveTest:ball|ballMoveControlPath:ballCp|currentState.S_HIT_PADDLE'
Slack : 0.299
TNS   : 0.000

Type  : Fast 1100mV 85C Model Minimum Pulse Width 'renderTest:r1|ballMoveTest:ball|ballMoveControlPath:ballCp|currentState.S_HIT_WALL'
Slack : 0.376
TNS   : 0.000

Type  : Fast 1100mV 85C Model Minimum Pulse Width 'VGA|mypll|altpll_component|auto_generated|generic_pll1~FRACTIONAL_PLL|vcoph[0]'
Slack : 1.666
TNS   : 0.000

Type  : Fast 1100mV 85C Model Minimum Pulse Width 'CLOCK_50'
Slack : 8.810
TNS   : 0.000

Type  : Fast 1100mV 85C Model Minimum Pulse Width 'VGA|mypll|altpll_component|auto_generated|generic_pll1~PLL_OUTPUT_COUNTER|divclk'
Slack : 18.887
TNS   : 0.000

Type  : Fast 1100mV 0C Model Setup 'renderTest:r1|ballMoveTest:ball|ballMoveControlPath:ballCp|currentState.S_HIT_WALL'
Slack : -3.662
TNS   : -6.230

Type  : Fast 1100mV 0C Model Setup 'CLOCK_50'
Slack : -2.777
TNS   : -46.762

Type  : Fast 1100mV 0C Model Setup 'renderTest:r1|ballMoveTest:ball|ballMoveControlPath:ballCp|currentState.S_HIT_PADDLE'
Slack : -2.520
TNS   : -4.866

Type  : Fast 1100mV 0C Model Setup 'VGA|mypll|altpll_component|auto_generated|generic_pll1~PLL_OUTPUT_COUNTER|divclk'
Slack : 35.930
TNS   : 0.000

Type  : Fast 1100mV 0C Model Hold 'CLOCK_50'
Slack : 0.171
TNS   : 0.000

Type  : Fast 1100mV 0C Model Hold 'VGA|mypll|altpll_component|auto_generated|generic_pll1~PLL_OUTPUT_COUNTER|divclk'
Slack : 0.195
TNS   : 0.000

Type  : Fast 1100mV 0C Model Hold 'renderTest:r1|ballMoveTest:ball|ballMoveControlPath:ballCp|currentState.S_HIT_PADDLE'
Slack : 0.537
TNS   : 0.000

Type  : Fast 1100mV 0C Model Hold 'renderTest:r1|ballMoveTest:ball|ballMoveControlPath:ballCp|currentState.S_HIT_WALL'
Slack : 0.617
TNS   : 0.000

Type  : Fast 1100mV 0C Model Minimum Pulse Width 'renderTest:r1|ballMoveTest:ball|ballMoveControlPath:ballCp|currentState.S_HIT_PADDLE'
Slack : 0.327
TNS   : 0.000

Type  : Fast 1100mV 0C Model Minimum Pulse Width 'renderTest:r1|ballMoveTest:ball|ballMoveControlPath:ballCp|currentState.S_HIT_WALL'
Slack : 0.392
TNS   : 0.000

Type  : Fast 1100mV 0C Model Minimum Pulse Width 'VGA|mypll|altpll_component|auto_generated|generic_pll1~FRACTIONAL_PLL|vcoph[0]'
Slack : 1.666
TNS   : 0.000

Type  : Fast 1100mV 0C Model Minimum Pulse Width 'CLOCK_50'
Slack : 8.802
TNS   : 0.000

Type  : Fast 1100mV 0C Model Minimum Pulse Width 'VGA|mypll|altpll_component|auto_generated|generic_pll1~PLL_OUTPUT_COUNTER|divclk'
Slack : 18.885
TNS   : 0.000

------------------------------------------------------------
